
  We've found a bug for you!
  tests/parsing/recovery/structure/letBinding.res:1:8-9

  1 │ let x = = doStuff(y)
  2 │ 

  This let-binding misses an expression

let x = doStuff y