
  [1;31mWe've found a bug for you![0m
  [36m/.../fixtures/variant_pattern_type_spreads_not_subtype.res[0m:[2m7:8[0m

  5 [2mâ”‚[0m let lookup = (b: b) =>
  6 [2mâ”‚[0m   switch b {
  [1;31m7[0m [2mâ”‚[0m   | ...[1;31mc[0m as c => Console.log(c)
  8 [2mâ”‚[0m   | Four => Console.log("four")
  9 [2mâ”‚[0m   | Five => Console.log("five")

  Type c is not a subtype of b